// Jest Snapshot v1, https://goo.gl/fbAQLP

exports[`should match the snapshot 1`] = `
<footer
  className="Footer"
>
  <h3>
    Learn About Dogs Online
  </h3>
  <div
    className="social-links"
  >
    <a
      href="https://twitter.com/search?q=dogs&src=typd"
      key="Twitterhttps://twitter.com/search?q=dogs&src=typd"
      rel="noopener noreferrer"
      target="_blank"
    >
      <img
        alt="Twitter logo"
        src="twitter.svg"
      />
    </a>
    <a
      href="https://www.instagram.com/dogsofinstagram/"
      key="Instagramhttps://www.instagram.com/dogsofinstagram/"
      rel="noopener noreferrer"
      target="_blank"
    >
      <img
        alt="Instagram logo"
        src="instagram.svg"
      />
    </a>
    <a
      href="https://www.facebook.com/BlackDogAnimalRescue/"
      key="Facebookhttps://www.facebook.com/BlackDogAnimalRescue/"
      rel="noopener noreferrer"
      target="_blank"
    >
      <img
        alt="Facebook logo"
        src="facebook.svg"
      />
    </a>
    <a
      href="https://www.linkedin.com/company/support-dogs/"
      key="LinkedInhttps://www.linkedin.com/company/support-dogs/"
      rel="noopener noreferrer"
      target="_blank"
    >
      <img
        alt="LinkedIn logo"
        src="linkedin.svg"
      />
    </a>
  </div>
</footer>
`;
