// Jest Snapshot v1, https://goo.gl/fbAQLP

exports[`DogCard should match the snapshot 1`] = `
<article>
  <h2>
    Much Doggo, Many Bork
  </h2>
  <img
    alt="A dog portrait"
    src="path/to/much/doggo/image"
  />
  <p>
    Doggo doggo, bork bork bork
  </p>
  <h3>
    Much
  </h3>
</article>
`;
